Microchip MPLAB XC8 Compiler V1.20 ()

Linker command line:

--edf=C:\Program Files (x86)\Microchip\xc8\v1.20\dat\en_msgs.txt -cs \
  -h+dist/default/production\head_led_driver.X.production.sym \
  --cmf=dist/default/production\head_led_driver.X.production.cmf -z \
  -Q16F628A -oC:\Users\Robotica\AppData\Local\Temp\seak.6 \
  -Mdist/default/production/head_led_driver.X.production.map -E1 -ver=XC8 \
  -ACONST=00h-0FFhx8 -ACODE=00h-07FFh -ASTRCODE=00h-07FFh \
  -AENTRY=00h-0FFhx8 -ASTRING=00h-0FFhx8 -ACOMMON=070h-07Fh \
  -ABANK0=020h-06Fh -ABANK1=0A0h-0EFh -ABANK2=0120h-014Fh \
  -ARAM=020h-06Fh,0A0h-0EFh,0120h-014Fh \
  -AABS1=020h-07Fh,0A0h-0EFh,0120h-014Fh -ASFR0=00h-01Fh -ASFR1=080h-09Fh \
  -ASFR2=0100h-011Fh -ASFR3=0180h-01EFh \
  -preset_vec=00h,intentry,init,end_init -ppowerup=CODE -pfunctab=CODE \
  -ACONFIG=02007h-02007h -pconfig=CONFIG -DCONFIG=2 -AIDLOC=02000h-02003h \
  -pidloc=IDLOC -DIDLOC=2 -AEEDATA=00h-07Fh/02100h -peeprom_data=EEDATA \
  -DEEDATA=2 -DCODE=2 -DSTRCODE=2 -DSTRING=2 -DCONST=2 -DENTRY=2 -k \
  C:\Users\Robotica\AppData\Local\Temp\seak.obj \
  dist/default/production\head_led_driver.X.production.obj 

Object code version is 3.11

Machine type is 16F628A



                Name                               Link     Load   Length Selector   Space Scale
C:\Users\Robotica\AppData\Local\Temp\seak.obj
                end_init                              0        0        1        0       0
                config                             2007     2007        1     400E       0
dist/default/production\head_led_driver.X.production.obj
                text7                               4F5      4F5       8F      9EA       0
                text6                               584      584       E4      B08       0
                text5                               43E      43E        6      87C       0
                text4                               444      444        6      888       0
                swtext1                               1        1       15        2       0
                text3                               492      492       63      924       0
                text2                               462      462       30      8C4       0
                text1                               459      459        9      8B2       0
                maintext                            668      668      198      CD0       0
                cstackBANK0                          3D       3D       18       20       1
                cstackCOMMON                         70       70        E       70       1
                clrtext                             451      451        8      8A2       0
                bssBANK0                             20       20       1D       20       1
                cinit                               44A      44A        7      894       0

TOTAL           Name                               Link     Load   Length     Space
        CLASS   CONST          
                swtext1                               1        1       15         0

        CLASS   CODE           
                end_init                              0        0        1         0
                text7                               4F5      4F5       8F         0
                text6                               584      584       E4         0
                text5                               43E      43E        6         0
                text4                               444      444        6         0
                text3                               492      492       63         0
                text2                               462      462       30         0
                text1                               459      459        9         0
                maintext                            668      668      198         0
                clrtext                             451      451        8         0
                cinit                               44A      44A        7         0

        CLASS   STRCODE        

        CLASS   ENTRY          

        CLASS   STRING         

        CLASS   COMMON         
                cstackCOMMON                         70       70        E         1

        CLASS   BANK0          
                cstackBANK0                          3D       3D       18         1
                bssBANK0                             20       20       1D         1

        CLASS   BANK1          

        CLASS   BANK2          

        CLASS   RAM            

        CLASS   ABS1           
                abs_s1                               7E       7E        2         1

        CLASS   SFR0           

        CLASS   SFR1           

        CLASS   SFR2           

        CLASS   SFR3           

        CLASS   CONFIG         
                config                             2007     2007        1         0

        CLASS   IDLOC          

        CLASS   EEDATA         

        CLASS   BANK3          



SEGMENTS        Name                           Load    Length   Top    Selector   Space  Class     Delta

                reset_vec                      000000  000001  000001         0       0  CODE        2
                swtext1                        000001  000015  000016         2       0  CONST       2
                bssBANK0                       000020  000035  000055        20       1  BANK0       1
                cstackCOMMON                   000070  00000E  00007E        70       1  COMMON      1
                text5                          00043E  000006  000444       87C       0  CODE        2
                text4                          000444  000006  00044A       888       0  CODE        2
                cinit                          00044A  000007  000451       894       0  CODE        2
                clrtext                        000451  000008  000459       8A2       0  CODE        2
                text1                          000459  000009  000462       8B2       0  CODE        2
                text2                          000462  000030  000492       8C4       0  CODE        2
                text3                          000492  000063  0004F5       924       0  CODE        2
                text7                          0004F5  00008F  000584       9EA       0  CODE        2
                text6                          000584  0000E4  000668       B08       0  CODE        2
                maintext                       000668  000198  000800       CD0       0  CODE        2
                config                         002007  000001  002008      400E       0  CONFIG      2


UNUSED ADDRESS RANGES

        Name                Unused          Largest block    Delta
        BANK0            0055-006F             1B           1
        BANK1            00A0-00EF             50           1
        BANK2            0120-014F             30           1
        CODE             0016-043D            428           2
        CONST            0016-043D            100           2
        EEDATA           2100-217F             80           2
        ENTRY            0016-043D            100           2
        IDLOC            2000-2003              4           2
        RAM              0055-006F             1B           1
                         00A0-00EF             50
                         0120-014F             30
        SFR0             0000-001F             20           1
        SFR1             0080-009F             20           1
        SFR2             0100-011F             20           1
        SFR3             0180-01EF             70           1
        STRCODE          0016-043D            428           2
        STRING           0016-043D            100           2

                                  Symbol Table

?_UART_Init               cstackBANK0  0043
?___aldiv                 cstackCOMMON 0070
UART_Init@baudrate        cstackBANK0  0043
UART_Init@x               cstackCOMMON 0079
_BRGH                     (abs)        04C2
_CREN                     (abs)        00C4
_GIE                      (abs)        005F
_INTCONbits               (abs)        000B
_RB0                      (abs)        0030
_RB3                      (abs)        0033
_RB4                      (abs)        0034
_RB5                      (abs)        0035
_RB6                      (abs)        0036
_RB7                      (abs)        0037
_RCIF                     (abs)        0065
_RCREG                    (abs)        001A
_SPBRG                    (abs)        0099
_SPEN                     (abs)        00C7
_SYNC                     (abs)        04C4
_TRISB                    (abs)        0086
_TRISB1                   (abs)        0431
_TRISB2                   (abs)        0432
_TRISB4                   (abs)        0434
_TRISB5                   (abs)        0435
_TRMT                     (abs)        04C1
_TXEN                     (abs)        04C5
_TXREG                    (abs)        0019
_UART_Data_Ready          text5        043E
_UART_Init                text6        0584
_UART_Read                text4        0444
__CFG_BOREN$ON            (abs)        0000
__CFG_CPD$OFF             (abs)        0000
__CFG_FOSC$LP             (abs)        0000
__CFG_LVP$OFF             (abs)        0000
__CFG_MCLRE$OFF           (abs)        0000
__CFG_PWRTE$ON            (abs)        0000
__CFG_WDTE$OFF            (abs)        0000
__Habs1                   abs1         0000
__Hbank0                  bank0        0000
__Hbank1                  bank1        0000
__Hbank2                  bank2        0000
__Hbank3                  bank3        0000
__HbssBANK0               bssBANK0     0000
__Hcinit                  cinit        0000
__Hclrtext                clrtext      0000
__Hcode                   code         0000
__Hcommon                 common       0000
__Hconfig                 config       2008
__HcstackBANK0            cstackBANK0  0000
__HcstackCOMMON           cstackCOMMON 0000
__Heeprom_data            eeprom_data  0000
__Hend_init               end_init     0001
__Hfunctab                functab      0000
__Hidloc                  idloc        0000
__Hinit                   init         0000
__Hintentry               intentry     0000
__Hmaintext               maintext     0000
__Hpowerup                powerup      0000
__Hram                    ram          0000
__Hreset_vec              reset_vec    0000
__Hsfr0                   sfr0         0000
__Hsfr1                   sfr1         0000
__Hsfr2                   sfr2         0000
__Hsfr3                   sfr3         0000
__Hstrings                strings      0000
__Htext                   text         0000
__Labs1                   abs1         0000
__Lbank0                  bank0        0000
__Lbank1                  bank1        0000
__Lbank2                  bank2        0000
__Lbank3                  bank3        0000
__LbssBANK0               bssBANK0     0000
__Lcinit                  cinit        0000
__Lclrtext                clrtext      0000
__Lcode                   code         0000
__Lcommon                 common       0000
__Lconfig                 config       2007
__LcstackBANK0            cstackBANK0  0000
__LcstackCOMMON           cstackCOMMON 0000
__Leeprom_data            eeprom_data  0000
__Lend_init               end_init     0000
__Lfunctab                functab      0000
__Lidloc                  idloc        0000
__Linit                   init         0000
__Lintentry               intentry     0000
__Lmaintext               maintext     0000
__Lpowerup                powerup      0000
__Lram                    ram          0000
__Lreset_vec              reset_vec    0000
__Lsfr0                   sfr0         0000
__Lsfr1                   sfr1         0000
__Lsfr2                   sfr2         0000
__Lsfr3                   sfr3         0000
__Lstrings                strings      0000
__Ltext                   text         0000
__S0                      (abs)        2008
__S1                      (abs)        007E
__S3                      (abs)        0000
___aldiv                  text7        04F5
___aldiv@counter          cstackBANK0  003D
___aldiv@dividend         cstackCOMMON 0074
___aldiv@divisor          cstackCOMMON 0070
___aldiv@quotient         cstackBANK0  003F
___aldiv@sign             cstackBANK0  003E
___latbits                (abs)        0000
__end_of_UART_Data_Ready  text5        0444
__end_of_UART_Init        text6        0668
__end_of_UART_Read        text4        044A
__end_of___aldiv          text7        0584
__end_of__initialization  cinit        044F
__end_of_analizaComando   text3        04F5
__end_of_apagatodo        text1        0462
__end_of_main             maintext     0800
__end_of_serial_isr       text2        0492
__initialization          cinit        044A
__pbssBANK0               bssBANK0     0020
__pcstackBANK0            cstackBANK0  003D
__pcstackCOMMON           cstackCOMMON 0070
__pmaintext               maintext     0668
__pswtext1                swtext1      0001
__ptext0                  text0        0000
__ptext1                  text1        0459
__ptext2                  text2        0462
__ptext3                  text3        0492
__ptext4                  text4        0444
__ptext5                  text5        043E
__ptext6                  text6        0584
__ptext7                  text7        04F5
__size_of_UART_Data_Ready (abs)        0000
__size_of_UART_Init       (abs)        0000
__size_of_UART_Read       (abs)        0000
__size_of___aldiv         (abs)        0000
__size_of_analizaComando  (abs)        0000
__size_of_apagatodo       (abs)        0000
__size_of_main            (abs)        0000
__size_of_serial_isr      (abs)        0000
_analizaComando           text3        0492
_apagatodo                text1        0459
_aux                      bssBANK0     003B
_brillo                   bssBANK0     0020
_comando                  bssBANK0     0038
_espera                   bssBANK0     0026
_indiceComando            bssBANK0     003C
_main                     maintext     0668
_refbrillo                bssBANK0     002C
_serial_isr               text2        0462
_vel                      bssBANK0     0032
btemp                     (abs)        007E
clear_ram0                clrtext      0451
end_of_initialization     cinit        044F
intlevel0                 functab      0000
intlevel1                 functab      0000
intlevel2                 functab      0000
intlevel3                 functab      0000
intlevel4                 functab      0000
intlevel5                 functab      0000
main@i                    cstackBANK0  0053
reset_vec                 reset_vec    0000
start                     init         0000
start_initialization      cinit        044A
wtemp0                    (abs)        007E


FUNCTION INFORMATION:

 *************** function _main *****************
 Defined at:
		line 172 in file "led_driver.c"
 Parameters:    Size  Location     Type
		None
 Auto vars:     Size  Location     Type
  i               2   22[BANK0 ] int 
 Return value:  Size  Location     Type
		None               void
 Registers used:
		wreg, fsr0l, fsr0h, status,2, status,0, btemp+1, pclath, cstack
 Tracked objects:
		On entry : 
		On exit  : 
		Unchanged: 
 Data sizes:     COMMON   BANK0   BANK1   BANK2
      Params:         0       0       0       0
      Locals:         0       2       0       0
      Temps:          3       0       0       0
      Totals:         3       2       0       0
Total ram usage:        5 bytes
 Hardware stack levels required when called:    2
 This function calls:
		_UART_Init
		_serial_isr
		_apagatodo
 This function is called by:
		Startup code after reset
 This function uses a non-reentrant model


 *************** function _apagatodo *****************
 Defined at:
		line 150 in file "led_driver.c"
 Parameters:    Size  Location     Type
		None
 Auto vars:     Size  Location     Type
		None
 Return value:  Size  Location     Type
		None               void
 Registers used:
		None
 Tracked objects:
		On entry : 
		On exit  : 
		Unchanged: 
 Data sizes:     COMMON   BANK0   BANK1   BANK2
      Params:         0       0       0       0
      Locals:         0       0       0       0
      Temps:          0       0       0       0
      Totals:         0       0       0       0
Total ram usage:        0 bytes
 Hardware stack levels used:    1
 This function calls:
		Nothing
 This function is called by:
		_main
 This function uses a non-reentrant model


 *************** function _serial_isr *****************
 Defined at:
		line 119 in file "led_driver.c"
 Parameters:    Size  Location     Type
		None
 Auto vars:     Size  Location     Type
		None
 Return value:  Size  Location     Type
		None               void
 Registers used:
		wreg, fsr0l, fsr0h, status,2, status,0, pclath, cstack
 Tracked objects:
		On entry : 
		On exit  : 
		Unchanged: 
 Data sizes:     COMMON   BANK0   BANK1   BANK2
      Params:         0       0       0       0
      Locals:         0       0       0       0
      Temps:          1       0       0       0
      Totals:         1       0       0       0
Total ram usage:        1 bytes
 Hardware stack levels used:    1
 Hardware stack levels required when called:    1
 This function calls:
		_UART_Data_Ready
		_UART_Read
		_analizaComando
 This function is called by:
		_main
 This function uses a non-reentrant model


 *************** function _analizaComando *****************
 Defined at:
		line 45 in file "led_driver.c"
 Parameters:    Size  Location     Type
		None
 Auto vars:     Size  Location     Type
		None
 Return value:  Size  Location     Type
		None               void
 Registers used:
		wreg, fsr0l, fsr0h, status,2, status,0
 Tracked objects:
		On entry : 
		On exit  : 
		Unchanged: 
 Data sizes:     COMMON   BANK0   BANK1   BANK2
      Params:         0       0       0       0
      Locals:         0       0       0       0
      Temps:          1       0       0       0
      Totals:         1       0       0       0
Total ram usage:        1 bytes
 Hardware stack levels used:    1
 This function calls:
		Nothing
 This function is called by:
		_serial_isr
 This function uses a non-reentrant model


 *************** function _UART_Read *****************
 Defined at:
		line 72 in file "uart.h"
 Parameters:    Size  Location     Type
		None
 Auto vars:     Size  Location     Type
		None
 Return value:  Size  Location     Type
                  1    wreg      unsigned char 
 Registers used:
		wreg
 Tracked objects:
		On entry : 
		On exit  : 
		Unchanged: 
 Data sizes:     COMMON   BANK0   BANK1   BANK2
      Params:         0       0       0       0
      Locals:         0       0       0       0
      Temps:          0       0       0       0
      Totals:         0       0       0       0
Total ram usage:        0 bytes
 Hardware stack levels used:    1
 This function calls:
		Nothing
 This function is called by:
		_serial_isr
		_UART_Read_Text
 This function uses a non-reentrant model


 *************** function _UART_Data_Ready *****************
 Defined at:
		line 67 in file "uart.h"
 Parameters:    Size  Location     Type
		None
 Auto vars:     Size  Location     Type
		None
 Return value:  Size  Location     Type
                  1    wreg      unsigned char 
 Registers used:
		wreg
 Tracked objects:
		On entry : 
		On exit  : 
		Unchanged: 
 Data sizes:     COMMON   BANK0   BANK1   BANK2
      Params:         0       0       0       0
      Locals:         0       0       0       0
      Temps:          0       0       0       0
      Totals:         0       0       0       0
Total ram usage:        0 bytes
 Hardware stack levels used:    1
 This function calls:
		Nothing
 This function is called by:
		_serial_isr
 This function uses a non-reentrant model


 *************** function _UART_Init *****************
 Defined at:
		line 23 in file "uart.h"
 Parameters:    Size  Location     Type
  baudrate        4    6[BANK0 ] const long 
 Auto vars:     Size  Location     Type
  x               2    9[COMMON] unsigned int 
 Return value:  Size  Location     Type
                  1    wreg      unsigned char 
 Registers used:
		wreg, status,2, status,0, pclath, cstack
 Tracked objects:
		On entry : 
		On exit  : 
		Unchanged: 
 Data sizes:     COMMON   BANK0   BANK1   BANK2
      Params:         0       4       0       0
      Locals:         2       0       0       0
      Temps:          0      12       0       0
      Totals:         2      16       0       0
Total ram usage:       18 bytes
 Hardware stack levels used:    1
 Hardware stack levels required when called:    1
 This function calls:
		___aldiv
 This function is called by:
		_main
		_test
 This function uses a non-reentrant model


 *************** function ___aldiv *****************
 Defined at:
		line 5 in file "C:\Program Files (x86)\Microchip\xc8\v1.20\sources\pic\aldiv.c"
 Parameters:    Size  Location     Type
  divisor         4    0[COMMON] long 
  dividend        4    4[COMMON] long 
 Auto vars:     Size  Location     Type
  quotient        4    2[BANK0 ] long 
  sign            1    1[BANK0 ] unsigned char 
  counter         1    0[BANK0 ] unsigned char 
 Return value:  Size  Location     Type
                  4    0[COMMON] long 
 Registers used:
		wreg, status,2, status,0
 Tracked objects:
		On entry : 
		On exit  : 
		Unchanged: 
 Data sizes:     COMMON   BANK0   BANK1   BANK2
      Params:         8       0       0       0
      Locals:         0       6       0       0
      Temps:          1       0       0       0
      Totals:         9       6       0       0
Total ram usage:       15 bytes
 Hardware stack levels used:    1
 This function calls:
		Nothing
 This function is called by:
		_UART_Init
 This function uses a non-reentrant model



MODULE INFORMATION

Module		Function		Class		Link	Load	Size
uart.h
		_UART_Read     		CODE           	0444	0000	6
		_UART_Data_Read		CODE           	043E	0000	6
		_UART_Init     		CODE           	0584	0000	228

uart.h estimated size: 240

led_driver.c
		_main          		CODE           	0668	0000	408
		_apagatodo     		CODE           	0459	0000	9
		_serial_isr    		CODE           	0462	0000	48
		_analizaComando		CODE           	0492	0000	99

led_driver.c estimated size: 564

shared
		__initializatio		CODE           	044A	0000	5

shared estimated size: 5

C:\Program Files (x86)\Microchip\xc8\v1.20\sources\pic\aldiv.c
		___aldiv       		CODE           	04F5	0000	143

C:\Program Files (x86)\Microchip\xc8\v1.20\sources\pic\aldiv.c estimated size: 143

